
Efinix FPGA Placement and Routing.
Version: 2021.2.323 
Date: Mon Aug 08 10:05:49 2022

Copyright (C) 2013 - 2021 Efinix Inc. All rights reserved.
 
Family: Trion 
Device: T85F324
Top-level Entity Name: mipi_loopback
Elapsed time for packing: 0 hours 0 minutes 0 seconds

---------- Resource Summary (begin) ----------
Inputs: 3 / 1108 (0.27%)
Outputs: 108 / 1263 (8.55%)
Clocks: 3 / 16 (18.75%)
Logic Elements: 128 / 84096 (0.15%)
	LE: LUTs/Adders: 123 / 84096 (0.15%)
	LE: Registers: 57 / 84096 (0.07%)
Memory Blocks: 0 / 792 (0.00%)
Multipliers: 0 / 240 (0.00%)
---------- Resource Summary (end) ----------


---------- IO Interface Summary (begin) ----------

+------------------------+--------------+
| Missing Interface Pins | Input/Output |
+------------------------+--------------+
|       bscan_TDO        |    Output    |
|       bscan_SEL        |    Input     |
|       bscan_DRCK       |    Input     |
|       bscan_TDI        |    Input     |
|       bscan_TMS        |    Input     |
|       bscan_TCK        |    Input     |
|      bscan_RESET       |    Input     |
|     bscan_RUNTEST      |    Input     |
|      bscan_SHIFT       |    Input     |
|      bscan_UPDATE      |    Input     |
|     bscan_CAPTURE      |    Input     |
|          sw5           |    Input     |
|          sw4           |    Input     |
|         rst_n          |    Input     |
+------------------------+--------------+

----------- IO Interface Summary (end) ----------

Elapsed time for placement: 0 hours 0 minutes 14 seconds
